Copyright 1986-2019 Xilinx, Inc. All Rights Reserved.
-----------------------------------------------------------------------------------------
| Tool Version : Vivado v.2019.2 (win64) Build 2708876 Wed Nov  6 21:40:23 MST 2019
| Date         : Tue May 12 16:58:00 2020
| Host         : DESKTOP-LVJ56DR running 64-bit major release  (build 9200)
| Command      : report_control_sets -verbose -file bd_0_wrapper_control_sets_placed.rpt
| Design       : bd_0_wrapper
| Device       : xc7z007s
-----------------------------------------------------------------------------------------

Control Set Information

Table of Contents
-----------------
1. Summary
2. Histogram
3. Flip-Flop Distribution
4. Detailed Control Set Information

1. Summary
----------

+----------------------------------------------------------+-------+
|                          Status                          | Count |
+----------------------------------------------------------+-------+
| Total control sets                                       |    59 |
|    Minimum number of control sets                        |    59 |
|    Addition due to synthesis replication                 |     0 |
|    Addition due to physical synthesis replication        |     0 |
| Unused register locations in slices containing registers |   183 |
+----------------------------------------------------------+-------+
* Control sets can be merged at opt_design using control_set_merge or merge_equivalent_drivers
** Run report_qor_suggestions for automated merging and remapping suggestions


2. Histogram
------------

+--------------------+-------+
|       Fanout       | Count |
+--------------------+-------+
| Total control sets |    59 |
| >= 0 to < 4        |     1 |
| >= 4 to < 6        |     7 |
| >= 6 to < 8        |     5 |
| >= 8 to < 10       |    12 |
| >= 10 to < 12      |     4 |
| >= 12 to < 14      |     3 |
| >= 14 to < 16      |     0 |
| >= 16              |    27 |
+--------------------+-------+
* Control sets can be remapped at either synth_design or opt_design


3. Flip-Flop Distribution
-------------------------

+--------------+-----------------------+------------------------+-----------------+--------------+
| Clock Enable | Synchronous Set/Reset | Asynchronous Set/Reset | Total Registers | Total Slices |
+--------------+-----------------------+------------------------+-----------------+--------------+
| No           | No                    | No                     |              94 |           47 |
| No           | No                    | Yes                    |               0 |            0 |
| No           | Yes                   | No                     |              63 |           31 |
| Yes          | No                    | No                     |             850 |          244 |
| Yes          | No                    | Yes                    |               0 |            0 |
| Yes          | Yes                   | No                     |             330 |           83 |
+--------------+-----------------------+------------------------+-----------------+--------------+


4. Detailed Control Set Information
-----------------------------------

+--------------+----------------------------------------------------------------------------------------------------------------------------------------------+-------------------------------------------------------------------------------------------------------------+------------------+----------------+
| Clock Signal |                                                                 Enable Signal                                                                |                                               Set/Reset Signal                                              | Slice Load Count | Bel Load Count |
+--------------+----------------------------------------------------------------------------------------------------------------------------------------------+-------------------------------------------------------------------------------------------------------------+------------------+----------------+
|  ap_clk      | bd_0_i/hls_inst/U0/CvtColor_U0/ce                                                                                                            |                                                                                                             |                2 |              2 |
|  ap_clk      | bd_0_i/hls_inst/U0/CvtColor_1_U0/ap_CS_fsm_reg[0]_0[0]                                                                                       | bd_0_i/hls_inst/U0/AXIvideo2Mat_U0/regslice_both_AXI_video_strm_V_data_V_U/obuf_inst/SR[0]                  |                1 |              4 |
|  ap_clk      | bd_0_i/hls_inst/U0/Threshold_U0/E[0]                                                                                                         | bd_0_i/hls_inst/U0/AXIvideo2Mat_U0/regslice_both_AXI_video_strm_V_data_V_U/obuf_inst/SR[0]                  |                1 |              4 |
|  ap_clk      | bd_0_i/hls_inst/U0/start_for_Threshoyd2_U/mOutPtr[3]_i_1__1_n_1                                                                              | bd_0_i/hls_inst/U0/AXIvideo2Mat_U0/regslice_both_AXI_video_strm_V_data_V_U/obuf_inst/SR[0]                  |                1 |              4 |
|  ap_clk      | bd_0_i/hls_inst/U0/start_for_Threshoyd2_U/E[0]                                                                                               | bd_0_i/hls_inst/U0/AXIvideo2Mat_U0/regslice_both_AXI_video_strm_V_data_V_U/obuf_inst/SR[0]                  |                1 |              4 |
|  ap_clk      | bd_0_i/hls_inst/U0/Mat2AXIvideo_U0/regslice_both_AXI_video_strm_V_data_V_U/ibuf_inst/ireg01_out                                              | bd_0_i/hls_inst/U0/Mat2AXIvideo_U0/regslice_both_AXI_video_strm_V_data_V_U/obuf_inst/odata_int_reg[32]_0[0] |                1 |              5 |
|  ap_clk      | bd_0_i/hls_inst/U0/Mat2AXIvideo_U0/regslice_both_AXI_video_strm_V_data_V_U/obuf_inst/p_0_in                                                  | bd_0_i/hls_inst/U0/AXIvideo2Mat_U0/regslice_both_AXI_video_strm_V_data_V_U/obuf_inst/SR[0]                  |                1 |              5 |
|  ap_clk      | bd_0_i/hls_inst/U0/GaussianBlur_U0/grp_Filter2D_fu_40/and_ln118_reg_2360_pp0_iter1_reg0                                                      |                                                                                                             |                3 |              5 |
|  ap_clk      | bd_0_i/hls_inst/U0/CvtColor_1_U0/E[0]                                                                                                        | bd_0_i/hls_inst/U0/AXIvideo2Mat_U0/regslice_both_AXI_video_strm_V_data_V_U/obuf_inst/SR[0]                  |                2 |              6 |
|  ap_clk      | bd_0_i/hls_inst/U0/CvtColor_U0/CvtColor_U0_p_src_cols_V_read                                                                                 |                                                                                                             |                2 |              6 |
|  ap_clk      | bd_0_i/hls_inst/U0/Mat2AXIvideo_U0/regslice_both_AXI_video_strm_V_data_V_U/ibuf_inst/E[0]                                                    | bd_0_i/hls_inst/U0/AXIvideo2Mat_U0/regslice_both_AXI_video_strm_V_data_V_U/obuf_inst/SR[0]                  |                1 |              6 |
|  ap_clk      | bd_0_i/hls_inst/U0/GaussianBlur_U0/grp_Filter2D_fu_40/k_buf_0_val_9_U/Filter2D_k_buf_0_eOg_ram_U/ap_enable_reg_pp0_iter7_reg                 | bd_0_i/hls_inst/U0/AXIvideo2Mat_U0/regslice_both_AXI_video_strm_V_data_V_U/obuf_inst/SR[0]                  |                5 |              6 |
|  ap_clk      | bd_0_i/hls_inst/U0/start_for_Threshoyd2_U/ce                                                                                                 |                                                                                                             |                2 |              6 |
|  ap_clk      | bd_0_i/hls_inst/U0/start_for_Threshoyd2_U/internal_full_n_reg_0[0]                                                                           | bd_0_i/hls_inst/U0/AXIvideo2Mat_U0/regslice_both_AXI_video_strm_V_data_V_U/obuf_inst/SR[0]                  |                2 |              8 |
|  ap_clk      | bd_0_i/hls_inst/U0/GaussianBlur_U0/grp_Filter2D_fu_40/src_kernel_win_0_va_15_fu_2300                                                         |                                                                                                             |                5 |              8 |
|  ap_clk      | bd_0_i/hls_inst/U0/GaussianBlur_U0/grp_Filter2D_fu_40/p_Val2_4_reg_25280                                                                     | bd_0_i/hls_inst/U0/GaussianBlur_U0/grp_Filter2D_fu_40/p_Val2_4_reg_2528                                     |                2 |              8 |
|  ap_clk      | bd_0_i/hls_inst/U0/GaussianBlur_U0/grp_Filter2D_fu_40/ap_CS_fsm_state11                                                                      | bd_0_i/hls_inst/U0/GaussianBlur_U0/grp_Filter2D_fu_40/t_V_reg_434                                           |                2 |              9 |
|  ap_clk      | bd_0_i/hls_inst/U0/GaussianBlur_U0/grp_Filter2D_fu_40/ap_CS_fsm_state2                                                                       |                                                                                                             |                3 |              9 |
|  ap_clk      | bd_0_i/hls_inst/U0/CvtColor_1_U0/ap_CS_fsm_state8                                                                                            | bd_0_i/hls_inst/U0/CvtColor_1_U0/i_0_i_reg_201                                                              |                2 |              9 |
|  ap_clk      | bd_0_i/hls_inst/U0/CvtColor_1_U0/p_Val2_7_reg_4020                                                                                           |                                                                                                             |                3 |              9 |
|  ap_clk      | bd_0_i/hls_inst/U0/CvtColor_1_U0/Q[1]                                                                                                        |                                                                                                             |                3 |              9 |
|  ap_clk      | bd_0_i/hls_inst/U0/CvtColor_U0/ap_CS_fsm_state5                                                                                              | bd_0_i/hls_inst/U0/CvtColor_U0/i_0_i_reg_182                                                                |                4 |              9 |
|  ap_clk      | bd_0_i/hls_inst/U0/CvtColor_U0/Q[1]                                                                                                          |                                                                                                             |                3 |              9 |
|  ap_clk      | bd_0_i/hls_inst/U0/Mat2AXIvideo_U0/ap_CS_fsm_state6                                                                                          | bd_0_i/hls_inst/U0/Mat2AXIvideo_U0/t_V_reg_179                                                              |                2 |              9 |
|  ap_clk      | bd_0_i/hls_inst/U0/Mat2AXIvideo_U0/regslice_both_AXI_video_strm_V_data_V_U/ap_CS_fsm_reg[1][0]                                               |                                                                                                             |                2 |              9 |
|  ap_clk      | bd_0_i/hls_inst/U0/CvtColor_U0/j_0_i_reg_1930                                                                                                | bd_0_i/hls_inst/U0/CvtColor_U0/j_0_i_reg_193                                                                |                2 |             10 |
|  ap_clk      | bd_0_i/hls_inst/U0/GaussianBlur_U0/grp_Filter2D_fu_40/t_V_3_reg_4450                                                                         | bd_0_i/hls_inst/U0/GaussianBlur_U0/grp_Filter2D_fu_40/t_V_3_reg_445                                         |                3 |             10 |
|  ap_clk      | bd_0_i/hls_inst/U0/CvtColor_1_U0/j_0_i_reg_2120                                                                                              | bd_0_i/hls_inst/U0/CvtColor_1_U0/j_0_i_reg_212                                                              |                2 |             10 |
|  ap_clk      | bd_0_i/hls_inst/U0/Mat2AXIvideo_U0/regslice_both_AXI_video_strm_V_data_V_U/ibuf_inst/ap_enable_reg_pp0_iter0_reg[0]                          | bd_0_i/hls_inst/U0/Mat2AXIvideo_U0/regslice_both_AXI_video_strm_V_data_V_U/ibuf_inst/SR[0]                  |                3 |             10 |
|  ap_clk      | bd_0_i/hls_inst/U0/Threshold_U0/ce                                                                                                           |                                                                                                             |                4 |             12 |
|  ap_clk      | bd_0_i/hls_inst/U0/GaussianBlur_U0/grp_Filter2D_fu_40/and_ln118_reg_23600                                                                    |                                                                                                             |                5 |             13 |
|  ap_clk      | bd_0_i/hls_inst/U0/GaussianBlur_U0/grp_Filter2D_fu_40/k_buf_0_val_9_U/Filter2D_k_buf_0_eOg_ram_U/E[0]                                        |                                                                                                             |                3 |             13 |
|  ap_clk      | bd_0_i/hls_inst/U0/CvtColor_1_U0/ce                                                                                                          |                                                                                                             |                6 |             16 |
|  ap_clk      | bd_0_i/hls_inst/U0/GaussianBlur_U0/grp_Filter2D_fu_40/icmp_ln899_reg_2300[0]_i_1_n_1                                                         |                                                                                                             |                6 |             16 |
|  ap_clk      | bd_0_i/hls_inst/U0/GaussianBlur_U0/grp_Filter2D_fu_40/ce                                                                                     |                                                                                                             |                5 |             16 |
|  ap_clk      | bd_0_i/hls_inst/U0/GaussianBlur_U0/grp_Filter2D_fu_40/tmp_8_reg_24170                                                                        | bd_0_i/hls_inst/U0/GaussianBlur_U0/grp_Filter2D_fu_40/tmp_8_reg_2417[7]_i_1_n_1                             |                6 |             16 |
|  ap_clk      | bd_0_i/hls_inst/U0/AXIvideo2Mat_U0/regslice_both_AXI_video_strm_V_data_V_U/obuf_inst/ap_enable_reg_pp1_iter0_reg_1[0]                        |                                                                                                             |                8 |             24 |
|  ap_clk      | bd_0_i/hls_inst/U0/AXIvideo2Mat_U0/regslice_both_AXI_video_strm_V_data_V_U/obuf_inst/odata_int_reg[32]_4[0]                                  |                                                                                                             |                7 |             24 |
|  ap_clk      | bd_0_i/hls_inst/U0/AXIvideo2Mat_U0/ap_NS_fsm[3]                                                                                              |                                                                                                             |                4 |             25 |
|  ap_clk      | bd_0_i/hls_inst/U0/AXIvideo2Mat_U0/regslice_both_AXI_video_strm_V_data_V_U/obuf_inst/ap_CS_fsm_reg[3][0]                                     |                                                                                                             |                4 |             25 |
|  ap_clk      | bd_0_i/hls_inst/U0/AXIvideo2Mat_U0/regslice_both_AXI_video_strm_V_data_V_U/obuf_inst/ireg_reg[32][0]                                         | bd_0_i/hls_inst/U0/AXIvideo2Mat_U0/regslice_both_AXI_video_strm_V_data_V_U/obuf_inst/odata_int_reg[32]_3[0] |                6 |             25 |
|  ap_clk      | bd_0_i/hls_inst/U0/AXIvideo2Mat_U0/regslice_both_AXI_video_strm_V_data_V_U/obuf_inst/odata_int_reg[32]_2[0]                                  |                                                                                                             |                4 |             25 |
|  ap_clk      | bd_0_i/hls_inst/U0/AXIvideo2Mat_U0/regslice_both_AXI_video_strm_V_data_V_U/obuf_inst/odata_int[32]_i_1__0_n_1                                | bd_0_i/hls_inst/U0/AXIvideo2Mat_U0/regslice_both_AXI_video_strm_V_data_V_U/obuf_inst/SR[0]                  |                4 |             25 |
|  ap_clk      | bd_0_i/hls_inst/U0/AXIvideo2Mat_U0/regslice_both_AXI_video_strm_V_data_V_U/obuf_inst/E[0]                                                    |                                                                                                             |                4 |             26 |
|  ap_clk      | bd_0_i/hls_inst/U0/AXIvideo2Mat_U0/ap_CS_fsm_state4                                                                                          |                                                                                                             |                9 |             32 |
|  ap_clk      | bd_0_i/hls_inst/U0/AXIvideo2Mat_U0/ap_CS_fsm_state9                                                                                          | bd_0_i/hls_inst/U0/AXIvideo2Mat_U0/ap_CS_fsm_state3                                                         |                7 |             32 |
|  ap_clk      | bd_0_i/hls_inst/U0/AXIvideo2Mat_U0/regslice_both_AXI_video_strm_V_data_V_U/obuf_inst/sof_1_i_fu_1760                                         | bd_0_i/hls_inst/U0/AXIvideo2Mat_U0/regslice_both_AXI_video_strm_V_data_V_U/obuf_inst/t_V_4_reg_300          |                8 |             32 |
|  ap_clk      | bd_0_i/hls_inst/U0/GaussianBlur_U0/grp_Filter2D_fu_40/k_buf_0_val_5_U/Filter2D_k_buf_0_eOg_ram_U/E[0]                                        |                                                                                                             |                5 |             32 |
|  ap_clk      | bd_0_i/hls_inst/U0/Threshold_U0/Q[1]                                                                                                         |                                                                                                             |                9 |             32 |
|  ap_clk      | bd_0_i/hls_inst/U0/GaussianBlur_U0/grp_Filter2D_fu_40/filter_mac_muladdkbM_U43/filter_mac_muladdkbM_DSP48_4_U/src_kernel_win_0_va_16_fu_2340 |                                                                                                             |                9 |             32 |
|  ap_clk      | bd_0_i/hls_inst/U0/Threshold_U0/ap_CS_fsm_state6                                                                                             | bd_0_i/hls_inst/U0/Threshold_U0/t_V_reg_177                                                                 |                6 |             32 |
|  ap_clk      | bd_0_i/hls_inst/U0/Threshold_U0/t_V_1_reg_1880                                                                                               | bd_0_i/hls_inst/U0/Threshold_U0/t_V_1_reg_188                                                               |                8 |             32 |
|  ap_clk      | bd_0_i/hls_inst/U0/AXIvideo2Mat_U0/regslice_both_AXI_video_strm_V_data_V_U/obuf_inst/ap_enable_reg_pp1_iter1_reg                             |                                                                                                             |                7 |             48 |
|  ap_clk      | bd_0_i/hls_inst/U0/GaussianBlur_U0/grp_Filter2D_fu_40/add_ln703_12_reg_25130                                                                 |                                                                                                             |               16 |             61 |
|  ap_clk      |                                                                                                                                              | bd_0_i/hls_inst/U0/AXIvideo2Mat_U0/regslice_both_AXI_video_strm_V_data_V_U/obuf_inst/SR[0]                  |               31 |             63 |
|  ap_clk      | bd_0_i/hls_inst/U0/GaussianBlur_U0/grp_Filter2D_fu_40/k_buf_0_val_9_U/Filter2D_k_buf_0_eOg_ram_U/we1                                         |                                                                                                             |               31 |             88 |
|  ap_clk      |                                                                                                                                              |                                                                                                             |               47 |             94 |
|  ap_clk      | bd_0_i/hls_inst/U0/GaussianBlur_U0/grp_Filter2D_fu_40/k_buf_0_val_9_U/Filter2D_k_buf_0_eOg_ram_U/ap_enable_reg_pp0_iter7_reg                 |                                                                                                             |               37 |            112 |
|  ap_clk      | bd_0_i/hls_inst/U0/GaussianBlur_U0/grp_Filter2D_fu_40/filter_mac_muladdlbW_U58/filter_mac_muladdlbW_DSP48_5_U/src_kernel_win_0_va_10_fu_2100 |                                                                                                             |               35 |            112 |
+--------------+----------------------------------------------------------------------------------------------------------------------------------------------+-------------------------------------------------------------------------------------------------------------+------------------+----------------+


