

================================================================
== Vivado HLS Report for 'Mat2AXIvideo_DMA'
================================================================
* Date:           Thu May 14 18:31:27 2020

* Version:        2019.2 (Build 2704478 on Wed Nov 06 22:10:23 MST 2019)
* Project:        HLS_SimpleDesign
* Solution:       solution1
* Product family: zynq
* Target device:  xc7z007s-clg225-1


================================================================
== Performance Estimates
================================================================
+ Timing: 
    * Summary: 
    +--------+----------+----------+------------+
    |  Clock |  Target  | Estimated| Uncertainty|
    +--------+----------+----------+------------+
    |ap_clk  | 10.00 ns | 6.186 ns |   1.25 ns  |
    +--------+----------+----------+------------+

+ Latency: 
    * Summary: 
    +---------+---------+-----------+----------+-----+--------+---------+
    |  Latency (cycles) |  Latency (absolute)  |   Interval   | Pipeline|
    |   min   |   max   |    min    |    max   | min |   max  |   Type  |
    +---------+---------+-----------+----------+-----+--------+---------+
    |        1|   309121| 10.000 ns | 3.091 ms |    1|  309121|   none  |
    +---------+---------+-----------+----------+-----+--------+---------+

    + Detail: 
        * Instance: 
        N/A

        * Loop: 
        +---------------+---------+---------+----------+-----------+-----------+---------+----------+
        |               |  Latency (cycles) | Iteration|  Initiation Interval  |   Trip  |          |
        |   Loop Name   |   min   |   max   |  Latency |  achieved |   target  |  Count  | Pipelined|
        +---------------+---------+---------+----------+-----------+-----------+---------+----------+
        |- loop_height  |        0|   309120|  3 ~ 644 |          -|          -| 0 ~ 480 |    no    |
        | + loop_width  |        0|      641|         3|          1|          1| 0 ~ 640 |    yes   |
        +---------------+---------+---------+----------+-----------+-----------+---------+----------+



================================================================
== Utilization Estimates
================================================================
* Summary: 
+-----------------+---------+-------+-------+-------+-----+
|       Name      | BRAM_18K| DSP48E|   FF  |  LUT  | URAM|
+-----------------+---------+-------+-------+-------+-----+
|DSP              |        -|      -|      -|      -|    -|
|Expression       |        -|      -|      0|    254|    -|
|FIFO             |        -|      -|      -|      -|    -|
|Instance         |        -|      -|      -|      -|    -|
|Memory           |        -|      -|      -|      -|    -|
|Multiplexer      |        -|      -|      -|    108|    -|
|Register         |        -|      -|    238|      -|    -|
+-----------------+---------+-------+-------+-------+-----+
|Total            |        0|      0|    238|    362|    0|
+-----------------+---------+-------+-------+-------+-----+
|Available        |      100|     66|  28800|  14400|    0|
+-----------------+---------+-------+-------+-------+-----+
|Utilization (%)  |        0|      0|   ~0  |      2|    0|
+-----------------+---------+-------+-------+-------+-----+

+ Detail: 
    * Instance: 
    N/A

    * DSP48E: 
    N/A

    * Memory: 
    N/A

    * FIFO: 
    N/A

    * Expression: 
    +----------------------------------+----------+-------+---+----+------------+------------+
    |           Variable Name          | Operation| DSP48E| FF| LUT| Bitwidth P0| Bitwidth P1|
    +----------------------------------+----------+-------+---+----+------------+------------+
    |i_V_fu_214_p2                     |     +    |      0|  0|  39|          32|           1|
    |j_V_fu_234_p2                     |     +    |      0|  0|  39|          32|           1|
    |ret_V_1_fu_203_p2                 |     +    |      0|  0|  40|          33|           2|
    |ret_V_fu_193_p2                   |     +    |      0|  0|  40|          33|           2|
    |ap_block_pp0_stage0_01001         |    and   |      0|  0|   2|           1|           1|
    |ap_block_state4_io                |    and   |      0|  0|   2|           1|           1|
    |ap_block_state4_pp0_stage0_iter1  |    and   |      0|  0|   2|           1|           1|
    |ap_block_state5_io                |    and   |      0|  0|   2|           1|           1|
    |tmp_last_V_fu_249_p2              |    and   |      0|  0|   2|           1|           1|
    |icmp_ln52_fu_209_p2               |   icmp   |      0|  0|  18|          32|          32|
    |icmp_ln54_fu_229_p2               |   icmp   |      0|  0|  18|          32|          32|
    |icmp_ln879_1_fu_244_p2            |   icmp   |      0|  0|  21|          33|          33|
    |icmp_ln879_fu_224_p2              |   icmp   |      0|  0|  21|          33|          33|
    |ap_block_pp0_stage0_11001         |    or    |      0|  0|   2|           1|           1|
    |ap_block_state1                   |    or    |      0|  0|   2|           1|           1|
    |ap_enable_pp0                     |    xor   |      0|  0|   2|           1|           2|
    |ap_enable_reg_pp0_iter1           |    xor   |      0|  0|   2|           2|           1|
    +----------------------------------+----------+-------+---+----+------------+------------+
    |Total                             |          |      0|  0| 254|         270|         146|
    +----------------------------------+----------+-------+---+----+------------+------------+

    * Multiplexer: 
    +-------------------------+----+-----------+-----+-----------+
    |           Name          | LUT| Input Size| Bits| Total Bits|
    +-------------------------+----+-----------+-----+-----------+
    |ap_NS_fsm                |  27|          5|    1|          5|
    |ap_done                  |   9|          2|    1|          2|
    |ap_enable_reg_pp0_iter1  |   9|          2|    1|          2|
    |ap_enable_reg_pp0_iter2  |   9|          2|    1|          2|
    |img_cols_V_blk_n         |   9|          2|    1|          2|
    |img_data_stream_V_blk_n  |   9|          2|    1|          2|
    |img_rows_V_blk_n         |   9|          2|    1|          2|
    |t_V_1_reg_170            |   9|          2|   32|         64|
    |t_V_reg_159              |   9|          2|   32|         64|
    |video_out_TDATA_blk_n    |   9|          2|    1|          2|
    +-------------------------+----+-----------+-----+-----------+
    |Total                    | 108|         23|   72|        147|
    +-------------------------+----+-----------+-----+-----------+

    * Register: 
    +---------------------------------+----+----+-----+-----------+
    |               Name              | FF | LUT| Bits| Const Bits|
    +---------------------------------+----+----+-----+-----------+
    |ap_CS_fsm                        |   4|   0|    4|          0|
    |ap_done_reg                      |   1|   0|    1|          0|
    |ap_enable_reg_pp0_iter0          |   1|   0|    1|          0|
    |ap_enable_reg_pp0_iter1          |   1|   0|    1|          0|
    |ap_enable_reg_pp0_iter2          |   1|   0|    1|          0|
    |cols_V_reg_259                   |  32|   0|   32|          0|
    |i_V_reg_278                      |  32|   0|   32|          0|
    |icmp_ln54_reg_288                |   1|   0|    1|          0|
    |icmp_ln54_reg_288_pp0_iter1_reg  |   1|   0|    1|          0|
    |icmp_ln879_reg_283               |   1|   0|    1|          0|
    |ret_V_1_reg_269                  |  33|   0|   33|          0|
    |ret_V_reg_264                    |  33|   0|   33|          0|
    |rows_V_reg_254                   |  32|   0|   32|          0|
    |t_V_1_reg_170                    |  32|   0|   32|          0|
    |t_V_reg_159                      |  32|   0|   32|          0|
    |tmp_last_V_reg_297               |   1|   0|    1|          0|
    +---------------------------------+----+----+-----+-----------+
    |Total                            | 238|   0|  238|          0|
    +---------------------------------+----+----+-----+-----------+



================================================================
== Interface
================================================================
* Summary: 
+---------------------------+-----+-----+------------+-------------------------+--------------+
|         RTL Ports         | Dir | Bits|  Protocol  |      Source Object      |    C Type    |
+---------------------------+-----+-----+------------+-------------------------+--------------+
|ap_clk                     |  in |    1| ap_ctrl_hs |     Mat2AXIvideo_DMA    | return value |
|ap_rst                     |  in |    1| ap_ctrl_hs |     Mat2AXIvideo_DMA    | return value |
|ap_start                   |  in |    1| ap_ctrl_hs |     Mat2AXIvideo_DMA    | return value |
|ap_done                    | out |    1| ap_ctrl_hs |     Mat2AXIvideo_DMA    | return value |
|ap_continue                |  in |    1| ap_ctrl_hs |     Mat2AXIvideo_DMA    | return value |
|ap_idle                    | out |    1| ap_ctrl_hs |     Mat2AXIvideo_DMA    | return value |
|ap_ready                   | out |    1| ap_ctrl_hs |     Mat2AXIvideo_DMA    | return value |
|img_rows_V_dout            |  in |   10|   ap_fifo  |        img_rows_V       |    pointer   |
|img_rows_V_empty_n         |  in |    1|   ap_fifo  |        img_rows_V       |    pointer   |
|img_rows_V_read            | out |    1|   ap_fifo  |        img_rows_V       |    pointer   |
|img_cols_V_dout            |  in |   11|   ap_fifo  |        img_cols_V       |    pointer   |
|img_cols_V_empty_n         |  in |    1|   ap_fifo  |        img_cols_V       |    pointer   |
|img_cols_V_read            | out |    1|   ap_fifo  |        img_cols_V       |    pointer   |
|img_data_stream_V_dout     |  in |    8|   ap_fifo  |    img_data_stream_V    |    pointer   |
|img_data_stream_V_empty_n  |  in |    1|   ap_fifo  |    img_data_stream_V    |    pointer   |
|img_data_stream_V_read     | out |    1|   ap_fifo  |    img_data_stream_V    |    pointer   |
|video_out_TDATA            | out |    8|    axis    | AXI_video_strm_V_data_V |    pointer   |
|video_out_TVALID           | out |    1|    axis    | AXI_video_strm_V_dest_V |    pointer   |
|video_out_TREADY           |  in |    1|    axis    | AXI_video_strm_V_dest_V |    pointer   |
|video_out_TDEST            | out |    1|    axis    | AXI_video_strm_V_dest_V |    pointer   |
|video_out_TKEEP            | out |    1|    axis    | AXI_video_strm_V_keep_V |    pointer   |
|video_out_TSTRB            | out |    1|    axis    | AXI_video_strm_V_strb_V |    pointer   |
|video_out_TUSER            | out |    1|    axis    | AXI_video_strm_V_user_V |    pointer   |
|video_out_TLAST            | out |    1|    axis    | AXI_video_strm_V_last_V |    pointer   |
|video_out_TID              | out |    1|    axis    |  AXI_video_strm_V_id_V  |    pointer   |
+---------------------------+-----+-----+------------+-------------------------+--------------+

